// Jest Snapshot v1, https://goo.gl/fbAQLP

exports[`image types works on gif 1`] = `
Array [
  "#ccb9f3",
  "#fc948c",
  "#2a440c",
  "#8cfc8c",
  "#7c8c6c",
]
`;

exports[`image types works on jpg 1`] = `
Array [
  "#d0694b",
  "#101111",
  "#6a3b2c",
  "#569988",
  "#407f86",
]
`;

exports[`image types works on png 1`] = `
Array [
  "#3494fc",
  "#64acfc",
  "#0474fc",
  "#8cc4fc",
  "#3cb0fc",
]
`;

exports[`image types works on svg 1`] = `
Array [
  "#394848",
  "#a2b2b3",
  "#636767",
  "#ddeced",
  "#0c1112",
  "#ffffff",
  "#f49123",
  "#c6690c",
  "#424e4f",
  "#f2791e",
  "#bedb45",
  "#f76f6f",
]
`;
