// Jest Snapshot v1, https://goo.gl/fbAQLP

exports[`get color palette from a .gif (asset: parrot.gif) 1`] = `
Array [
  "#ccb9f3",
  "#fc948c",
  "#2a440c",
  "#8cfc8c",
  "#7c8c6c",
]
`;

exports[`get color palette from a .jpg (asset: koopa.jpg) 1`] = `
Array [
  "#d0694b",
  "#101111",
  "#6a3b2c",
  "#569988",
  "#407f86",
]
`;

exports[`get color palette from a .png (asset: micro.png) 1`] = `
Array [
  "#3494fc",
  "#64acfc",
  "#0474fc",
  "#8cc4fc",
  "#3cb0fc",
]
`;

exports[`get color palette from a .svg (asset: wall-e.svg) 1`] = `
Array [
  "#394848",
  "#a2b2b3",
  "#636767",
  "#ddeced",
  "#0c1112",
  "#ffffff",
  "#f49123",
  "#c6690c",
  "#424e4f",
  "#f2791e",
  "#bedb45",
  "#f76f6f",
]
`;
